Hello, Hemlock!